// Jest Snapshot v1, https://goo.gl/fbAQLP

exports[`#createServiceAccountEntity should convert data 1`] = `
{
  "_class": [
    "User",
  ],
  "_key": "a9e0bedc-2bcf-4fe2-9414-5fe1d03121c6",
  "_rawData": [
    {
      "name": "default",
      "rawData": {
        "metadata": {
          "creationTimestamp": 2021-12-03T19:01:12.000Z,
          "name": "ttl-controller",
          "namespace": "kube-system",
          "resourceVersion": "236",
          "uid": "a9e0bedc-2bcf-4fe2-9414-5fe1d03121c6",
        },
      },
    },
  ],
  "_type": "kube_service_account",
  "active": true,
  "createdOn": 1638558072000,
  "deletionGracePeriodSeconds": undefined,
  "displayName": "ttl-controller",
  "generation": undefined,
  "name": "ttl-controller",
  "resourceVersion": "236",
  "username": "ttl-controller",
}
`;

exports[`#createUserEntity should convert data 1`] = `
{
  "_class": [
    "User",
  ],
  "_key": "kube_user:my-name",
  "_rawData": [
    {
      "name": "default",
      "rawData": {
        "certFile": "/some/path/client.crt",
        "keyFile": "/some/path/client.key",
        "name": "my-name",
        "username": "my-username",
      },
    },
  ],
  "_type": "kube_user",
  "active": true,
  "certFile": "/some/path/client.crt",
  "displayName": "my-name",
  "keyFile": "/some/path/client.key",
  "name": "my-name",
  "username": "my-username",
}
`;
