// Jest Snapshot v1, https://goo.gl/fbAQLP

exports[`#createNamespaceEntity should convert data 1`] = `
{
  "_class": [
    "Group",
  ],
  "_key": "55ea52dd-382c-4b8c-8c24-bff59db4b817",
  "_rawData": [
    {
      "name": "default",
      "rawData": {
        "metadata": {
          "creationTimestamp": 2021-04-27T20:57:17.000Z,
          "name": "example-namespace",
          "resourceVersion": "66",
          "uid": "55ea52dd-382c-4b8c-8c24-bff59db4b817",
        },
        "spec": {
          "finalizers": [
            "kubernetes",
          ],
        },
        "status": {
          "phase": "Active",
        },
      },
    },
  ],
  "_type": "kube_namespace",
  "active": undefined,
  "createdOn": 1619557037000,
  "deletionGracePeriodSeconds": undefined,
  "displayName": "example-namespace",
  "finalizers": [
    "kubernetes",
  ],
  "generation": undefined,
  "name": "example-namespace",
  "resourceVersion": "66",
  "status.phase": "Active",
}
`;
