// Jest Snapshot v1, https://goo.gl/fbAQLP

exports[`#fetchNamespaces should collect data: jobState 1`] = `
{
  "collectedEntities": [
    {
      "_class": [
        "Group",
      ],
      "_key": "868d4703-b338-4051-98e4-b65b4f0a0006",
      "_rawData": [
        {
          "name": "default",
          "rawData": V1Namespace {
            "apiVersion": undefined,
            "kind": undefined,
            "metadata": V1ObjectMeta {
              "annotations": undefined,
              "creationTimestamp": 2024-01-11T15:50:15.000Z,
              "deletionGracePeriodSeconds": undefined,
              "deletionTimestamp": undefined,
              "finalizers": undefined,
              "generateName": undefined,
              "generation": undefined,
              "labels": {
                "kubernetes.io/metadata.name": "default",
              },
              "managedFields": [
                V1ManagedFieldsEntry {
                  "apiVersion": "v1",
                  "fieldsType": "FieldsV1",
                  "fieldsV1": {
                    "f:metadata": {
                      "f:labels": {
                        ".": {},
                        "f:kubernetes.io/metadata.name": {},
                      },
                    },
                  },
                  "manager": "kube-apiserver",
                  "operation": "Update",
                  "subresource": undefined,
                  "time": 2024-01-11T15:50:15.000Z,
                },
              ],
              "name": "default",
              "namespace": undefined,
              "ownerReferences": undefined,
              "resourceVersion": "39",
              "selfLink": undefined,
              "uid": "868d4703-b338-4051-98e4-b65b4f0a0006",
            },
            "spec": V1NamespaceSpec {
              "finalizers": [
                "kubernetes",
              ],
            },
            "status": V1NamespaceStatus {
              "conditions": undefined,
              "phase": "Active",
            },
          },
        },
      ],
      "_type": "kube_namespace",
      "active": undefined,
      "createdOn": 1704988215000,
      "deletionGracePeriodSeconds": undefined,
      "displayName": "default",
      "finalizers": [
        "kubernetes",
      ],
      "generation": undefined,
      "name": "default",
      "resourceVersion": "39",
      "status.phase": "Active",
    },
    {
      "_class": [
        "Group",
      ],
      "_key": "52615a92-75c3-4c4b-8b72-51be82a4bc21",
      "_rawData": [
        {
          "name": "default",
          "rawData": V1Namespace {
            "apiVersion": undefined,
            "kind": undefined,
            "metadata": V1ObjectMeta {
              "annotations": undefined,
              "creationTimestamp": 2024-01-11T15:50:15.000Z,
              "deletionGracePeriodSeconds": undefined,
              "deletionTimestamp": undefined,
              "finalizers": undefined,
              "generateName": undefined,
              "generation": undefined,
              "labels": {
                "kubernetes.io/metadata.name": "kube-node-lease",
              },
              "managedFields": [
                V1ManagedFieldsEntry {
                  "apiVersion": "v1",
                  "fieldsType": "FieldsV1",
                  "fieldsV1": {
                    "f:metadata": {
                      "f:labels": {
                        ".": {},
                        "f:kubernetes.io/metadata.name": {},
                      },
                    },
                  },
                  "manager": "kube-apiserver",
                  "operation": "Update",
                  "subresource": undefined,
                  "time": 2024-01-11T15:50:15.000Z,
                },
              ],
              "name": "kube-node-lease",
              "namespace": undefined,
              "ownerReferences": undefined,
              "resourceVersion": "35",
              "selfLink": undefined,
              "uid": "52615a92-75c3-4c4b-8b72-51be82a4bc21",
            },
            "spec": V1NamespaceSpec {
              "finalizers": [
                "kubernetes",
              ],
            },
            "status": V1NamespaceStatus {
              "conditions": undefined,
              "phase": "Active",
            },
          },
        },
      ],
      "_type": "kube_namespace",
      "active": undefined,
      "createdOn": 1704988215000,
      "deletionGracePeriodSeconds": undefined,
      "displayName": "kube-node-lease",
      "finalizers": [
        "kubernetes",
      ],
      "generation": undefined,
      "name": "kube-node-lease",
      "resourceVersion": "35",
      "status.phase": "Active",
    },
    {
      "_class": [
        "Group",
      ],
      "_key": "7a2ee4f7-12fd-494b-93f0-c639b1e63a72",
      "_rawData": [
        {
          "name": "default",
          "rawData": V1Namespace {
            "apiVersion": undefined,
            "kind": undefined,
            "metadata": V1ObjectMeta {
              "annotations": undefined,
              "creationTimestamp": 2024-01-11T15:50:15.000Z,
              "deletionGracePeriodSeconds": undefined,
              "deletionTimestamp": undefined,
              "finalizers": undefined,
              "generateName": undefined,
              "generation": undefined,
              "labels": {
                "kubernetes.io/metadata.name": "kube-public",
              },
              "managedFields": [
                V1ManagedFieldsEntry {
                  "apiVersion": "v1",
                  "fieldsType": "FieldsV1",
                  "fieldsV1": {
                    "f:metadata": {
                      "f:labels": {
                        ".": {},
                        "f:kubernetes.io/metadata.name": {},
                      },
                    },
                  },
                  "manager": "kube-apiserver",
                  "operation": "Update",
                  "subresource": undefined,
                  "time": 2024-01-11T15:50:15.000Z,
                },
              ],
              "name": "kube-public",
              "namespace": undefined,
              "ownerReferences": undefined,
              "resourceVersion": "20",
              "selfLink": undefined,
              "uid": "7a2ee4f7-12fd-494b-93f0-c639b1e63a72",
            },
            "spec": V1NamespaceSpec {
              "finalizers": [
                "kubernetes",
              ],
            },
            "status": V1NamespaceStatus {
              "conditions": undefined,
              "phase": "Active",
            },
          },
        },
      ],
      "_type": "kube_namespace",
      "active": undefined,
      "createdOn": 1704988215000,
      "deletionGracePeriodSeconds": undefined,
      "displayName": "kube-public",
      "finalizers": [
        "kubernetes",
      ],
      "generation": undefined,
      "name": "kube-public",
      "resourceVersion": "20",
      "status.phase": "Active",
    },
    {
      "_class": [
        "Group",
      ],
      "_key": "ce86116b-863b-4e74-979e-3c031a9aeee1",
      "_rawData": [
        {
          "name": "default",
          "rawData": V1Namespace {
            "apiVersion": undefined,
            "kind": undefined,
            "metadata": V1ObjectMeta {
              "annotations": undefined,
              "creationTimestamp": 2024-01-11T15:50:15.000Z,
              "deletionGracePeriodSeconds": undefined,
              "deletionTimestamp": undefined,
              "finalizers": undefined,
              "generateName": undefined,
              "generation": undefined,
              "labels": {
                "kubernetes.io/metadata.name": "kube-system",
              },
              "managedFields": [
                V1ManagedFieldsEntry {
                  "apiVersion": "v1",
                  "fieldsType": "FieldsV1",
                  "fieldsV1": {
                    "f:metadata": {
                      "f:labels": {
                        ".": {},
                        "f:kubernetes.io/metadata.name": {},
                      },
                    },
                  },
                  "manager": "kube-apiserver",
                  "operation": "Update",
                  "subresource": undefined,
                  "time": 2024-01-11T15:50:15.000Z,
                },
              ],
              "name": "kube-system",
              "namespace": undefined,
              "ownerReferences": undefined,
              "resourceVersion": "12",
              "selfLink": undefined,
              "uid": "ce86116b-863b-4e74-979e-3c031a9aeee1",
            },
            "spec": V1NamespaceSpec {
              "finalizers": [
                "kubernetes",
              ],
            },
            "status": V1NamespaceStatus {
              "conditions": undefined,
              "phase": "Active",
            },
          },
        },
      ],
      "_type": "kube_namespace",
      "active": undefined,
      "createdOn": 1704988215000,
      "deletionGracePeriodSeconds": undefined,
      "displayName": "kube-system",
      "finalizers": [
        "kubernetes",
      ],
      "generation": undefined,
      "name": "kube-system",
      "resourceVersion": "12",
      "status.phase": "Active",
    },
  ],
  "collectedRelationships": [],
  "encounteredTypes": [
    "kube_namespace",
  ],
  "numCollectedEntities": 4,
  "numCollectedRelationships": 0,
}
`;
