// Jest Snapshot v1, https://goo.gl/fbAQLP

exports[`#createReplicaSetEntity should convert data 1`] = `
{
  "_class": [
    "Deployment",
  ],
  "_key": "f7113c21-7272-4f04-9198-8dc7d682fe23",
  "_rawData": [
    {
      "name": "default",
      "rawData": {
        "metadata": {
          "annotations": {
            "deployment.kubernetes.io/desired-replicas": "1",
            "deployment.kubernetes.io/max-replicas": "2",
            "deployment.kubernetes.io/revision": "1",
          },
          "creationTimestamp": 2021-04-27T20:57:37.000Z,
          "generation": 1,
          "labels": {
            "k8s-app": "kube-dns",
            "pod-template-hash": "74ff55c5b",
          },
          "name": "coredns-74ff55c5b",
          "namespace": "kube-system",
          "ownerReferences": [
            {
              "apiVersion": "apps/v1",
              "blockOwnerDeletion": true,
              "controller": true,
              "kind": "Deployment",
              "name": "coredns",
              "uid": "664fec78-0d67-4bbd-a02d-ad978500e342",
            },
          ],
          "resourceVersion": "325114",
          "uid": "f7113c21-7272-4f04-9198-8dc7d682fe23",
        },
        "spec": {
          "replicas": 1,
          "selector": {
            "matchLabels": {
              "k8s-app": "kube-dns",
              "pod-template-hash": "74ff55c5b",
            },
          },
          "template": {
            "metadata": {
              "creationTimestamp": undefined,
              "labels": {
                "k8s-app": "kube-dns",
                "pod-template-hash": "74ff55c5b",
              },
            },
            "spec": {
              "containers": [
                {
                  "args": [
                    "-conf",
                    "/etc/coredns/Corefile",
                  ],
                  "image": "k8s.gcr.io/coredns:1.7.0",
                  "imagePullPolicy": "IfNotPresent",
                  "livenessProbe": {
                    "failureThreshold": 5,
                    "initialDelaySeconds": 60,
                    "periodSeconds": 10,
                    "successThreshold": 1,
                    "timeoutSeconds": 5,
                  },
                  "name": "coredns",
                  "ports": [
                    {
                      "containerPort": 53,
                      "name": "dns",
                      "protocol": "UDP",
                    },
                    {
                      "containerPort": 53,
                      "name": "dns-tcp",
                      "protocol": "TCP",
                    },
                    {
                      "containerPort": 9153,
                      "name": "metrics",
                      "protocol": "TCP",
                    },
                  ],
                  "readinessProbe": {
                    "failureThreshold": 3,
                    "periodSeconds": 10,
                    "successThreshold": 1,
                    "timeoutSeconds": 1,
                  },
                  "resources": {
                    "limits": {
                      "memory": "170Mi",
                    },
                    "requests": {
                      "cpu": "100m",
                      "memory": "70Mi",
                    },
                  },
                  "securityContext": {
                    "allowPrivilegeEscalation": false,
                    "capabilities": {
                      "add": [
                        "NET_BIND_SERVICE",
                      ],
                      "drop": [
                        "all",
                      ],
                    },
                    "readOnlyRootFilesystem": true,
                  },
                  "terminationMessagePath": "/dev/termination-log",
                  "terminationMessagePolicy": "File",
                  "volumeMounts": [
                    {
                      "mountPath": "/etc/coredns",
                      "name": "config-volume",
                      "readOnly": true,
                    },
                  ],
                },
              ],
              "dnsPolicy": "Default",
              "nodeSelector": {
                "kubernetes.io/os": "linux",
              },
              "priorityClassName": "system-cluster-critical",
              "restartPolicy": "Always",
              "schedulerName": "default-scheduler",
              "securityContext": {},
              "serviceAccount": "coredns",
              "serviceAccountName": "coredns",
              "terminationGracePeriodSeconds": 30,
              "tolerations": [
                {
                  "key": "CriticalAddonsOnly",
                  "operator": "Exists",
                },
                {
                  "effect": "NoSchedule",
                  "key": "node-role.kubernetes.io/master",
                },
                {
                  "effect": "NoSchedule",
                  "key": "node-role.kubernetes.io/control-plane",
                },
              ],
              "volumes": [
                {
                  "configMap": {
                    "defaultMode": 420,
                    "items": [
                      {
                        "key": "Corefile",
                        "path": "Corefile",
                      },
                    ],
                    "name": "coredns",
                  },
                  "name": "config-volume",
                },
              ],
            },
          },
        },
        "status": {
          "availableReplicas": 1,
          "fullyLabeledReplicas": 1,
          "observedGeneration": 1,
          "readyReplicas": 1,
          "replicas": 1,
        },
      },
    },
  ],
  "_type": "kube_replica_set",
  "active": undefined,
  "createdOn": 1619557057000,
  "deletionGracePeriodSeconds": undefined,
  "displayName": "coredns-74ff55c5b",
  "generation": 1,
  "minReadySeconds": undefined,
  "name": "coredns-74ff55c5b",
  "replicas": 1,
  "resourceVersion": "325114",
  "status.availableReplicas": 1,
  "status.fullyLabeledReplicas": 1,
  "status.observedGeneration": 1,
  "status.readyReplicas": 1,
  "status.replicas": 1,
}
`;
