// Jest Snapshot v1, https://goo.gl/fbAQLP

exports[`#fetchNetworkPolicies should collect data: jobState 1`] = `
Object {
  "collectedEntities": Array [
    Object {
      "_class": Array [
        "Group",
      ],
      "_key": "868d4703-b338-4051-98e4-b65b4f0a0006",
      "_rawData": Array [
        Object {
          "name": "default",
          "rawData": V1Namespace {
            "apiVersion": undefined,
            "kind": undefined,
            "metadata": V1ObjectMeta {
              "annotations": undefined,
              "creationTimestamp": 2024-01-11T15:50:15.000Z,
              "deletionGracePeriodSeconds": undefined,
              "deletionTimestamp": undefined,
              "finalizers": undefined,
              "generateName": undefined,
              "generation": undefined,
              "labels": Object {
                "kubernetes.io/metadata.name": "default",
              },
              "managedFields": Array [
                V1ManagedFieldsEntry {
                  "apiVersion": "v1",
                  "fieldsType": "FieldsV1",
                  "fieldsV1": Object {
                    "f:metadata": Object {
                      "f:labels": Object {
                        ".": Object {},
                        "f:kubernetes.io/metadata.name": Object {},
                      },
                    },
                  },
                  "manager": "kube-apiserver",
                  "operation": "Update",
                  "subresource": undefined,
                  "time": 2024-01-11T15:50:15.000Z,
                },
              ],
              "name": "default",
              "namespace": undefined,
              "ownerReferences": undefined,
              "resourceVersion": "39",
              "selfLink": undefined,
              "uid": "868d4703-b338-4051-98e4-b65b4f0a0006",
            },
            "spec": V1NamespaceSpec {
              "finalizers": Array [
                "kubernetes",
              ],
            },
            "status": V1NamespaceStatus {
              "conditions": undefined,
              "phase": "Active",
            },
          },
        },
      ],
      "_type": "kube_namespace",
      "active": undefined,
      "createdOn": 1704988215000,
      "deletionGracePeriodSeconds": undefined,
      "displayName": "default",
      "finalizers": Array [
        "kubernetes",
      ],
      "generation": undefined,
      "name": "default",
      "resourceVersion": "39",
      "status.phase": "Active",
    },
    Object {
      "_class": Array [
        "Group",
      ],
      "_key": "52615a92-75c3-4c4b-8b72-51be82a4bc21",
      "_rawData": Array [
        Object {
          "name": "default",
          "rawData": V1Namespace {
            "apiVersion": undefined,
            "kind": undefined,
            "metadata": V1ObjectMeta {
              "annotations": undefined,
              "creationTimestamp": 2024-01-11T15:50:15.000Z,
              "deletionGracePeriodSeconds": undefined,
              "deletionTimestamp": undefined,
              "finalizers": undefined,
              "generateName": undefined,
              "generation": undefined,
              "labels": Object {
                "kubernetes.io/metadata.name": "kube-node-lease",
              },
              "managedFields": Array [
                V1ManagedFieldsEntry {
                  "apiVersion": "v1",
                  "fieldsType": "FieldsV1",
                  "fieldsV1": Object {
                    "f:metadata": Object {
                      "f:labels": Object {
                        ".": Object {},
                        "f:kubernetes.io/metadata.name": Object {},
                      },
                    },
                  },
                  "manager": "kube-apiserver",
                  "operation": "Update",
                  "subresource": undefined,
                  "time": 2024-01-11T15:50:15.000Z,
                },
              ],
              "name": "kube-node-lease",
              "namespace": undefined,
              "ownerReferences": undefined,
              "resourceVersion": "35",
              "selfLink": undefined,
              "uid": "52615a92-75c3-4c4b-8b72-51be82a4bc21",
            },
            "spec": V1NamespaceSpec {
              "finalizers": Array [
                "kubernetes",
              ],
            },
            "status": V1NamespaceStatus {
              "conditions": undefined,
              "phase": "Active",
            },
          },
        },
      ],
      "_type": "kube_namespace",
      "active": undefined,
      "createdOn": 1704988215000,
      "deletionGracePeriodSeconds": undefined,
      "displayName": "kube-node-lease",
      "finalizers": Array [
        "kubernetes",
      ],
      "generation": undefined,
      "name": "kube-node-lease",
      "resourceVersion": "35",
      "status.phase": "Active",
    },
    Object {
      "_class": Array [
        "Group",
      ],
      "_key": "7a2ee4f7-12fd-494b-93f0-c639b1e63a72",
      "_rawData": Array [
        Object {
          "name": "default",
          "rawData": V1Namespace {
            "apiVersion": undefined,
            "kind": undefined,
            "metadata": V1ObjectMeta {
              "annotations": undefined,
              "creationTimestamp": 2024-01-11T15:50:15.000Z,
              "deletionGracePeriodSeconds": undefined,
              "deletionTimestamp": undefined,
              "finalizers": undefined,
              "generateName": undefined,
              "generation": undefined,
              "labels": Object {
                "kubernetes.io/metadata.name": "kube-public",
              },
              "managedFields": Array [
                V1ManagedFieldsEntry {
                  "apiVersion": "v1",
                  "fieldsType": "FieldsV1",
                  "fieldsV1": Object {
                    "f:metadata": Object {
                      "f:labels": Object {
                        ".": Object {},
                        "f:kubernetes.io/metadata.name": Object {},
                      },
                    },
                  },
                  "manager": "kube-apiserver",
                  "operation": "Update",
                  "subresource": undefined,
                  "time": 2024-01-11T15:50:15.000Z,
                },
              ],
              "name": "kube-public",
              "namespace": undefined,
              "ownerReferences": undefined,
              "resourceVersion": "20",
              "selfLink": undefined,
              "uid": "7a2ee4f7-12fd-494b-93f0-c639b1e63a72",
            },
            "spec": V1NamespaceSpec {
              "finalizers": Array [
                "kubernetes",
              ],
            },
            "status": V1NamespaceStatus {
              "conditions": undefined,
              "phase": "Active",
            },
          },
        },
      ],
      "_type": "kube_namespace",
      "active": undefined,
      "createdOn": 1704988215000,
      "deletionGracePeriodSeconds": undefined,
      "displayName": "kube-public",
      "finalizers": Array [
        "kubernetes",
      ],
      "generation": undefined,
      "name": "kube-public",
      "resourceVersion": "20",
      "status.phase": "Active",
    },
    Object {
      "_class": Array [
        "Group",
      ],
      "_key": "ce86116b-863b-4e74-979e-3c031a9aeee1",
      "_rawData": Array [
        Object {
          "name": "default",
          "rawData": V1Namespace {
            "apiVersion": undefined,
            "kind": undefined,
            "metadata": V1ObjectMeta {
              "annotations": undefined,
              "creationTimestamp": 2024-01-11T15:50:15.000Z,
              "deletionGracePeriodSeconds": undefined,
              "deletionTimestamp": undefined,
              "finalizers": undefined,
              "generateName": undefined,
              "generation": undefined,
              "labels": Object {
                "kubernetes.io/metadata.name": "kube-system",
              },
              "managedFields": Array [
                V1ManagedFieldsEntry {
                  "apiVersion": "v1",
                  "fieldsType": "FieldsV1",
                  "fieldsV1": Object {
                    "f:metadata": Object {
                      "f:labels": Object {
                        ".": Object {},
                        "f:kubernetes.io/metadata.name": Object {},
                      },
                    },
                  },
                  "manager": "kube-apiserver",
                  "operation": "Update",
                  "subresource": undefined,
                  "time": 2024-01-11T15:50:15.000Z,
                },
              ],
              "name": "kube-system",
              "namespace": undefined,
              "ownerReferences": undefined,
              "resourceVersion": "12",
              "selfLink": undefined,
              "uid": "ce86116b-863b-4e74-979e-3c031a9aeee1",
            },
            "spec": V1NamespaceSpec {
              "finalizers": Array [
                "kubernetes",
              ],
            },
            "status": V1NamespaceStatus {
              "conditions": undefined,
              "phase": "Active",
            },
          },
        },
      ],
      "_type": "kube_namespace",
      "active": undefined,
      "createdOn": 1704988215000,
      "deletionGracePeriodSeconds": undefined,
      "displayName": "kube-system",
      "finalizers": Array [
        "kubernetes",
      ],
      "generation": undefined,
      "name": "kube-system",
      "resourceVersion": "12",
      "status.phase": "Active",
    },
    Object {
      "_class": Array [
        "Configuration",
      ],
      "_key": "2fbcad2d-1572-4a03-ae00-4f2fbfd8a2e8",
      "_rawData": Array [
        Object {
          "name": "default",
          "rawData": V1NetworkPolicy {
            "apiVersion": undefined,
            "kind": undefined,
            "metadata": V1ObjectMeta {
              "annotations": undefined,
              "creationTimestamp": 2024-01-11T21:55:36.000Z,
              "deletionGracePeriodSeconds": undefined,
              "deletionTimestamp": undefined,
              "finalizers": undefined,
              "generateName": undefined,
              "generation": 1,
              "labels": undefined,
              "managedFields": Array [
                V1ManagedFieldsEntry {
                  "apiVersion": "networking.k8s.io/v1",
                  "fieldsType": "FieldsV1",
                  "fieldsV1": Object {
                    "f:spec": Object {
                      "f:ingress": Object {},
                      "f:podSelector": Object {},
                      "f:policyTypes": Object {},
                    },
                  },
                  "manager": "kubectl-create",
                  "operation": "Update",
                  "subresource": undefined,
                  "time": 2024-01-11T21:55:36.000Z,
                },
              ],
              "name": "db-frontend-allow",
              "namespace": "default",
              "ownerReferences": undefined,
              "resourceVersion": "27751",
              "selfLink": undefined,
              "uid": "2fbcad2d-1572-4a03-ae00-4f2fbfd8a2e8",
            },
            "spec": V1NetworkPolicySpec {
              "egress": undefined,
              "ingress": Array [
                V1NetworkPolicyIngressRule {
                  "from": Array [
                    V1NetworkPolicyPeer {
                      "ipBlock": undefined,
                      "namespaceSelector": undefined,
                      "podSelector": V1LabelSelector {
                        "matchExpressions": undefined,
                        "matchLabels": Object {
                          "app": "np-test-wordpress",
                        },
                      },
                    },
                  ],
                  "ports": Array [
                    V1NetworkPolicyPort {
                      "endPort": undefined,
                      "port": 3306,
                      "protocol": "TCP",
                    },
                  ],
                },
              ],
              "podSelector": V1LabelSelector {
                "matchExpressions": undefined,
                "matchLabels": Object {
                  "app": "np-test-mariadb",
                },
              },
              "policyTypes": Array [
                "Ingress",
              ],
            },
          },
        },
      ],
      "_type": "kube_network_policy",
      "createdOn": 1705010136000,
      "deletionGracePeriodSeconds": undefined,
      "displayName": "db-frontend-allow",
      "generation": 1,
      "name": "db-frontend-allow",
      "policyTypes": Array [
        "Ingress",
      ],
      "resourceVersion": "27751",
    },
    Object {
      "_class": Array [
        "Configuration",
      ],
      "_key": "d122159c-13d4-46f4-898a-4b253dfeb297",
      "_rawData": Array [
        Object {
          "name": "default",
          "rawData": V1NetworkPolicy {
            "apiVersion": undefined,
            "kind": undefined,
            "metadata": V1ObjectMeta {
              "annotations": undefined,
              "creationTimestamp": 2024-01-11T21:55:11.000Z,
              "deletionGracePeriodSeconds": undefined,
              "deletionTimestamp": undefined,
              "finalizers": undefined,
              "generateName": undefined,
              "generation": 1,
              "labels": undefined,
              "managedFields": Array [
                V1ManagedFieldsEntry {
                  "apiVersion": "networking.k8s.io/v1",
                  "fieldsType": "FieldsV1",
                  "fieldsV1": Object {
                    "f:spec": Object {
                      "f:policyTypes": Object {},
                    },
                  },
                  "manager": "kubectl-create",
                  "operation": "Update",
                  "subresource": undefined,
                  "time": 2024-01-11T21:55:11.000Z,
                },
              ],
              "name": "default-deny",
              "namespace": "default",
              "ownerReferences": undefined,
              "resourceVersion": "27717",
              "selfLink": undefined,
              "uid": "d122159c-13d4-46f4-898a-4b253dfeb297",
            },
            "spec": V1NetworkPolicySpec {
              "egress": undefined,
              "ingress": undefined,
              "podSelector": V1LabelSelector {
                "matchExpressions": undefined,
                "matchLabels": undefined,
              },
              "policyTypes": Array [
                "Ingress",
              ],
            },
          },
        },
      ],
      "_type": "kube_network_policy",
      "createdOn": 1705010111000,
      "deletionGracePeriodSeconds": undefined,
      "displayName": "default-deny",
      "generation": 1,
      "name": "default-deny",
      "policyTypes": Array [
        "Ingress",
      ],
      "resourceVersion": "27717",
    },
  ],
  "collectedRelationships": Array [
    Object {
      "_class": "CONTAINS",
      "_fromEntityKey": "868d4703-b338-4051-98e4-b65b4f0a0006",
      "_key": "868d4703-b338-4051-98e4-b65b4f0a0006|contains|2fbcad2d-1572-4a03-ae00-4f2fbfd8a2e8",
      "_toEntityKey": "2fbcad2d-1572-4a03-ae00-4f2fbfd8a2e8",
      "_type": "kube_namespace_contains_network_policy",
      "displayName": "CONTAINS",
    },
    Object {
      "_class": "CONTAINS",
      "_fromEntityKey": "868d4703-b338-4051-98e4-b65b4f0a0006",
      "_key": "868d4703-b338-4051-98e4-b65b4f0a0006|contains|d122159c-13d4-46f4-898a-4b253dfeb297",
      "_toEntityKey": "d122159c-13d4-46f4-898a-4b253dfeb297",
      "_type": "kube_namespace_contains_network_policy",
      "displayName": "CONTAINS",
    },
  ],
  "encounteredTypes": Array [
    "kube_namespace",
    "kube_network_policy",
    "kube_namespace_contains_network_policy",
  ],
  "numCollectedEntities": 6,
  "numCollectedRelationships": 2,
}
`;
