// Jest Snapshot v1, https://goo.gl/fbAQLP

exports[`#createNodeEntity should convert data 1`] = `
{
  "_class": [
    "Host",
  ],
  "_key": "103b35d1-8951-455c-95cb-3da4af29bd71",
  "_rawData": [
    {
      "name": "default",
      "rawData": {
        "metadata": {
          "annotations": {
            "kubeadm.alpha.kubernetes.io/cri-socket": "/var/run/dockershim.sock",
            "node.alpha.kubernetes.io/ttl": "0",
            "volumes.kubernetes.io/controller-managed-attach-detach": "true",
          },
          "creationTimestamp": 2021-04-13T15:20:38.000Z,
          "labels": {
            "beta.kubernetes.io/arch": "amd64",
            "beta.kubernetes.io/os": "linux",
            "kubernetes.io/arch": "amd64",
            "kubernetes.io/hostname": "minikube",
            "kubernetes.io/os": "linux",
            "minikube.k8s.io/commit": "15cede53bdc5fe242228853e737333b09d4336b5",
            "minikube.k8s.io/name": "minikube",
            "minikube.k8s.io/updated_at": "2021_04_13T17_20_41_0700",
            "minikube.k8s.io/version": "v1.19.0",
            "node-role.kubernetes.io/control-plane": "",
            "node-role.kubernetes.io/master": "",
          },
          "name": "minikube",
          "resourceVersion": "81209",
          "uid": "103b35d1-8951-455c-95cb-3da4af29bd71",
        },
        "spec": {
          "podCIDR": "10.10.10.10/24",
          "podCIDRs": [
            "10.10.10.10/24",
          ],
        },
        "status": {
          "addresses": [
            {
              "address": "111.111.11.1",
              "type": "InternalIP",
            },
            {
              "address": "minikube",
              "type": "Hostname",
            },
          ],
          "allocatable": {
            "cpu": "8",
            "ephemeral-storage": "88103912Ki",
            "hugepages-1Gi": "0",
            "hugepages-2Mi": "0",
            "memory": "16289508Ki",
            "pods": "110",
          },
          "capacity": {
            "cpu": "8",
            "ephemeral-storage": "88103912Ki",
            "hugepages-1Gi": "0",
            "hugepages-2Mi": "0",
            "memory": "16289508Ki",
            "pods": "110",
          },
          "conditions": [
            {
              "lastHeartbeatTime": 2021-04-15T16:44:09.000Z,
              "lastTransitionTime": 2021-04-13T15:20:33.000Z,
              "message": "kubelet has sufficient memory available",
              "reason": "KubeletHasSufficientMemory",
              "status": "False",
              "type": "MemoryPressure",
            },
          ],
          "daemonEndpoints": {
            "kubeletEndpoint": {
              "Port": 10250,
            },
          },
          "images": [
            {
              "names": [
                "k8s.gcr.io/etcd@sha256:4ad90a11b55313b182afc186b9876c8e891531b8db4c9bf1541953021618d0e2",
                "k8s.gcr.io/etcd:3.4.13-0",
              ],
              "sizeBytes": 253392289,
            },
          ],
          "nodeInfo": {
            "architecture": "amd64",
            "bootID": "a711daa9-dbe2-4923-916c-b8693ced170d",
            "containerRuntimeVersion": "docker://20.10.5",
            "kernelVersion": "5.8.0-49-generic",
            "kubeProxyVersion": "v1.20.2",
            "kubeletVersion": "v1.20.2",
            "machineID": "73c9fceff7724090ba72b64bf6e8eff8",
            "operatingSystem": "linux",
            "osImage": "Ubuntu 20.04.1 LTS",
            "systemUUID": "444a01a7-d999-4a38-a4d9-faaee5ee05f5",
          },
        },
      },
    },
  ],
  "_type": "kube_node",
  "active": undefined,
  "createdOn": 1618327238000,
  "deletionGracePeriodSeconds": undefined,
  "displayName": "minikube",
  "generation": undefined,
  "hostname": "minikube",
  "name": "minikube",
  "podCIDR": "10.10.10.10/24",
  "podCIDRs": [
    "10.10.10.10/24",
  ],
  "privateDnsName": undefined,
  "privateIpAddress": [
    "111.111.11.1",
  ],
  "providerID": undefined,
  "publicDnsName": undefined,
  "publicIpAddress": [],
  "resourceVersion": "81209",
  "status.allocatable.cpu": "8",
  "status.allocatable.ephemeral-storage": "88103912Ki",
  "status.allocatable.hugepages-1Gi": "0",
  "status.allocatable.hugepages-2Mi": "0",
  "status.allocatable.memory": "16289508Ki",
  "status.allocatable.pods": "110",
  "status.capacity.cpu": "8",
  "status.capacity.ephemeral-storage": "88103912Ki",
  "status.capacity.hugepages-1Gi": "0",
  "status.capacity.hugepages-2Mi": "0",
  "status.capacity.memory": "16289508Ki",
  "status.capacity.pods": "110",
  "status.kubeletEndpointPort": 10250,
  "status.nodeInfo.architecture": "amd64",
  "status.nodeInfo.bootID": "a711daa9-dbe2-4923-916c-b8693ced170d",
  "status.nodeInfo.containerRuntimeVersion": "docker://20.10.5",
  "status.nodeInfo.kernelVersion": "5.8.0-49-generic",
  "status.nodeInfo.kubeProxyVersion": "v1.20.2",
  "status.nodeInfo.kubeletVersion": "v1.20.2",
  "status.nodeInfo.machineID": "73c9fceff7724090ba72b64bf6e8eff8",
  "status.nodeInfo.operatingSystem": "linux",
  "status.nodeInfo.osImage": "Ubuntu 20.04.1 LTS",
  "status.nodeInfo.systemUUID": "444a01a7-d999-4a38-a4d9-faaee5ee05f5",
  "unschedulable": undefined,
}
`;

exports[`#createNodeEntity should parse status.addresses correctly 1`] = `
{
  "_class": [
    "Host",
  ],
  "_key": "103b35d1-8951-455c-95cb-3da4af29bd71",
  "_rawData": [
    {
      "name": "default",
      "rawData": {
        "metadata": {
          "annotations": {
            "kubeadm.alpha.kubernetes.io/cri-socket": "/var/run/dockershim.sock",
            "node.alpha.kubernetes.io/ttl": "0",
            "volumes.kubernetes.io/controller-managed-attach-detach": "true",
          },
          "creationTimestamp": 2021-04-13T15:20:38.000Z,
          "labels": {
            "beta.kubernetes.io/arch": "amd64",
            "beta.kubernetes.io/os": "linux",
            "kubernetes.io/arch": "amd64",
            "kubernetes.io/hostname": "minikube",
            "kubernetes.io/os": "linux",
            "minikube.k8s.io/commit": "15cede53bdc5fe242228853e737333b09d4336b5",
            "minikube.k8s.io/name": "minikube",
            "minikube.k8s.io/updated_at": "2021_04_13T17_20_41_0700",
            "minikube.k8s.io/version": "v1.19.0",
            "node-role.kubernetes.io/control-plane": "",
            "node-role.kubernetes.io/master": "",
          },
          "name": "minikube",
          "resourceVersion": "81209",
          "uid": "103b35d1-8951-455c-95cb-3da4af29bd71",
        },
        "spec": {
          "podCIDR": "10.10.10.10/24",
          "podCIDRs": [
            "10.10.10.10/24",
          ],
        },
        "status": {
          "addresses": [
            {
              "address": "1.1.1.1",
              "type": "InternalIP",
            },
            {
              "address": "2.2.2.2",
              "type": "InternalIP",
            },
            {
              "address": "5.5.5.5",
              "type": "ExternalIP",
            },
            {
              "address": "6.6.6.6",
              "type": "ExternalIP",
            },
            {
              "address": "minikube",
              "type": "Hostname",
            },
            {
              "address": "internalDns",
              "type": "InternalDns",
            },
            {
              "address": "externalDns",
              "type": "ExternalDns",
            },
          ],
        },
      },
    },
  ],
  "_type": "kube_node",
  "active": undefined,
  "createdOn": 1618327238000,
  "deletionGracePeriodSeconds": undefined,
  "displayName": "minikube",
  "generation": undefined,
  "hostname": "minikube",
  "name": "minikube",
  "podCIDR": "10.10.10.10/24",
  "podCIDRs": [
    "10.10.10.10/24",
  ],
  "privateDnsName": "internalDns",
  "privateIpAddress": [
    "1.1.1.1",
    "2.2.2.2",
  ],
  "providerID": undefined,
  "publicDnsName": "externalDns",
  "publicIpAddress": [
    "5.5.5.5",
    "6.6.6.6",
  ],
  "resourceVersion": "81209",
  "status.allocatable.cpu": undefined,
  "status.allocatable.ephemeral-storage": undefined,
  "status.allocatable.hugepages-1Gi": undefined,
  "status.allocatable.hugepages-2Mi": undefined,
  "status.allocatable.memory": undefined,
  "status.allocatable.pods": undefined,
  "status.capacity.cpu": undefined,
  "status.capacity.ephemeral-storage": undefined,
  "status.capacity.hugepages-1Gi": undefined,
  "status.capacity.hugepages-2Mi": undefined,
  "status.capacity.memory": undefined,
  "status.capacity.pods": undefined,
  "status.kubeletEndpointPort": undefined,
  "status.nodeInfo.architecture": undefined,
  "status.nodeInfo.bootID": undefined,
  "status.nodeInfo.containerRuntimeVersion": undefined,
  "status.nodeInfo.kernelVersion": undefined,
  "status.nodeInfo.kubeProxyVersion": undefined,
  "status.nodeInfo.kubeletVersion": undefined,
  "status.nodeInfo.machineID": undefined,
  "status.nodeInfo.operatingSystem": undefined,
  "status.nodeInfo.osImage": undefined,
  "status.nodeInfo.systemUUID": undefined,
  "unschedulable": undefined,
}
`;
