// Jest Snapshot v1, https://goo.gl/fbAQLP

exports[`#createSecretEntity should convert data 1`] = `
{
  "_class": [
    "Vault",
  ],
  "_key": "35ac86f2-63cc-4c48-a05e-ad94ab9dcad5",
  "_rawData": [
    {
      "name": "default",
      "rawData": {
        "metadata": {
          "annotations": {
            "kubernetes.io/service-account.name": "ttl-controller",
            "kubernetes.io/service-account.uid": "ce40aed7-b0ba-43bf-ab90-a9fb53f8ba03",
          },
          "creationTimestamp": 2021-04-27T20:57:34.000Z,
          "name": "ttl-controller-token-r2999",
          "namespace": "kube-system",
          "resourceVersion": "345",
          "uid": "35ac86f2-63cc-4c48-a05e-ad94ab9dcad5",
        },
        "type": "kubernetes.io/service-account-token",
      },
    },
  ],
  "_type": "kube_secret",
  "classification": null,
  "createdOn": 1619557054000,
  "deletedOn": undefined,
  "deletionGracePeriodSeconds": undefined,
  "displayName": "ttl-controller-token-r2999",
  "encrypted": false,
  "generation": undefined,
  "name": "ttl-controller-token-r2999",
  "resourceVersion": "345",
  "type": "kubernetes.io/service-account-token",
}
`;
