// Jest Snapshot v1, https://goo.gl/fbAQLP

exports[`#fetchSecrets should collect data: jobState 1`] = `
Object {
  "collectedEntities": Array [
    Object {
      "_class": Array [
        "Group",
      ],
      "_key": "868d4703-b338-4051-98e4-b65b4f0a0006",
      "_rawData": Array [
        Object {
          "name": "default",
          "rawData": V1Namespace {
            "apiVersion": undefined,
            "kind": undefined,
            "metadata": V1ObjectMeta {
              "annotations": undefined,
              "creationTimestamp": 2024-01-11T15:50:15.000Z,
              "deletionGracePeriodSeconds": undefined,
              "deletionTimestamp": undefined,
              "finalizers": undefined,
              "generateName": undefined,
              "generation": undefined,
              "labels": Object {
                "kubernetes.io/metadata.name": "default",
              },
              "managedFields": Array [
                V1ManagedFieldsEntry {
                  "apiVersion": "v1",
                  "fieldsType": "FieldsV1",
                  "fieldsV1": Object {
                    "f:metadata": Object {
                      "f:labels": Object {
                        ".": Object {},
                        "f:kubernetes.io/metadata.name": Object {},
                      },
                    },
                  },
                  "manager": "kube-apiserver",
                  "operation": "Update",
                  "subresource": undefined,
                  "time": 2024-01-11T15:50:15.000Z,
                },
              ],
              "name": "default",
              "namespace": undefined,
              "ownerReferences": undefined,
              "resourceVersion": "39",
              "selfLink": undefined,
              "uid": "868d4703-b338-4051-98e4-b65b4f0a0006",
            },
            "spec": V1NamespaceSpec {
              "finalizers": Array [
                "kubernetes",
              ],
            },
            "status": V1NamespaceStatus {
              "conditions": undefined,
              "phase": "Active",
            },
          },
        },
      ],
      "_type": "kube_namespace",
      "active": undefined,
      "createdOn": 1704988215000,
      "deletionGracePeriodSeconds": undefined,
      "displayName": "default",
      "finalizers": Array [
        "kubernetes",
      ],
      "generation": undefined,
      "name": "default",
      "resourceVersion": "39",
      "status.phase": "Active",
    },
    Object {
      "_class": Array [
        "Group",
      ],
      "_key": "52615a92-75c3-4c4b-8b72-51be82a4bc21",
      "_rawData": Array [
        Object {
          "name": "default",
          "rawData": V1Namespace {
            "apiVersion": undefined,
            "kind": undefined,
            "metadata": V1ObjectMeta {
              "annotations": undefined,
              "creationTimestamp": 2024-01-11T15:50:15.000Z,
              "deletionGracePeriodSeconds": undefined,
              "deletionTimestamp": undefined,
              "finalizers": undefined,
              "generateName": undefined,
              "generation": undefined,
              "labels": Object {
                "kubernetes.io/metadata.name": "kube-node-lease",
              },
              "managedFields": Array [
                V1ManagedFieldsEntry {
                  "apiVersion": "v1",
                  "fieldsType": "FieldsV1",
                  "fieldsV1": Object {
                    "f:metadata": Object {
                      "f:labels": Object {
                        ".": Object {},
                        "f:kubernetes.io/metadata.name": Object {},
                      },
                    },
                  },
                  "manager": "kube-apiserver",
                  "operation": "Update",
                  "subresource": undefined,
                  "time": 2024-01-11T15:50:15.000Z,
                },
              ],
              "name": "kube-node-lease",
              "namespace": undefined,
              "ownerReferences": undefined,
              "resourceVersion": "35",
              "selfLink": undefined,
              "uid": "52615a92-75c3-4c4b-8b72-51be82a4bc21",
            },
            "spec": V1NamespaceSpec {
              "finalizers": Array [
                "kubernetes",
              ],
            },
            "status": V1NamespaceStatus {
              "conditions": undefined,
              "phase": "Active",
            },
          },
        },
      ],
      "_type": "kube_namespace",
      "active": undefined,
      "createdOn": 1704988215000,
      "deletionGracePeriodSeconds": undefined,
      "displayName": "kube-node-lease",
      "finalizers": Array [
        "kubernetes",
      ],
      "generation": undefined,
      "name": "kube-node-lease",
      "resourceVersion": "35",
      "status.phase": "Active",
    },
    Object {
      "_class": Array [
        "Group",
      ],
      "_key": "7a2ee4f7-12fd-494b-93f0-c639b1e63a72",
      "_rawData": Array [
        Object {
          "name": "default",
          "rawData": V1Namespace {
            "apiVersion": undefined,
            "kind": undefined,
            "metadata": V1ObjectMeta {
              "annotations": undefined,
              "creationTimestamp": 2024-01-11T15:50:15.000Z,
              "deletionGracePeriodSeconds": undefined,
              "deletionTimestamp": undefined,
              "finalizers": undefined,
              "generateName": undefined,
              "generation": undefined,
              "labels": Object {
                "kubernetes.io/metadata.name": "kube-public",
              },
              "managedFields": Array [
                V1ManagedFieldsEntry {
                  "apiVersion": "v1",
                  "fieldsType": "FieldsV1",
                  "fieldsV1": Object {
                    "f:metadata": Object {
                      "f:labels": Object {
                        ".": Object {},
                        "f:kubernetes.io/metadata.name": Object {},
                      },
                    },
                  },
                  "manager": "kube-apiserver",
                  "operation": "Update",
                  "subresource": undefined,
                  "time": 2024-01-11T15:50:15.000Z,
                },
              ],
              "name": "kube-public",
              "namespace": undefined,
              "ownerReferences": undefined,
              "resourceVersion": "20",
              "selfLink": undefined,
              "uid": "7a2ee4f7-12fd-494b-93f0-c639b1e63a72",
            },
            "spec": V1NamespaceSpec {
              "finalizers": Array [
                "kubernetes",
              ],
            },
            "status": V1NamespaceStatus {
              "conditions": undefined,
              "phase": "Active",
            },
          },
        },
      ],
      "_type": "kube_namespace",
      "active": undefined,
      "createdOn": 1704988215000,
      "deletionGracePeriodSeconds": undefined,
      "displayName": "kube-public",
      "finalizers": Array [
        "kubernetes",
      ],
      "generation": undefined,
      "name": "kube-public",
      "resourceVersion": "20",
      "status.phase": "Active",
    },
    Object {
      "_class": Array [
        "Group",
      ],
      "_key": "ce86116b-863b-4e74-979e-3c031a9aeee1",
      "_rawData": Array [
        Object {
          "name": "default",
          "rawData": V1Namespace {
            "apiVersion": undefined,
            "kind": undefined,
            "metadata": V1ObjectMeta {
              "annotations": undefined,
              "creationTimestamp": 2024-01-11T15:50:15.000Z,
              "deletionGracePeriodSeconds": undefined,
              "deletionTimestamp": undefined,
              "finalizers": undefined,
              "generateName": undefined,
              "generation": undefined,
              "labels": Object {
                "kubernetes.io/metadata.name": "kube-system",
              },
              "managedFields": Array [
                V1ManagedFieldsEntry {
                  "apiVersion": "v1",
                  "fieldsType": "FieldsV1",
                  "fieldsV1": Object {
                    "f:metadata": Object {
                      "f:labels": Object {
                        ".": Object {},
                        "f:kubernetes.io/metadata.name": Object {},
                      },
                    },
                  },
                  "manager": "kube-apiserver",
                  "operation": "Update",
                  "subresource": undefined,
                  "time": 2024-01-11T15:50:15.000Z,
                },
              ],
              "name": "kube-system",
              "namespace": undefined,
              "ownerReferences": undefined,
              "resourceVersion": "12",
              "selfLink": undefined,
              "uid": "ce86116b-863b-4e74-979e-3c031a9aeee1",
            },
            "spec": V1NamespaceSpec {
              "finalizers": Array [
                "kubernetes",
              ],
            },
            "status": V1NamespaceStatus {
              "conditions": undefined,
              "phase": "Active",
            },
          },
        },
      ],
      "_type": "kube_namespace",
      "active": undefined,
      "createdOn": 1704988215000,
      "deletionGracePeriodSeconds": undefined,
      "displayName": "kube-system",
      "finalizers": Array [
        "kubernetes",
      ],
      "generation": undefined,
      "name": "kube-system",
      "resourceVersion": "12",
      "status.phase": "Active",
    },
    Object {
      "_class": Array [
        "Vault",
      ],
      "_key": "bd3b80ae-ae33-4437-94ce-10a31e912bdc",
      "_rawData": Array [
        Object {
          "name": "default",
          "rawData": Object {
            "apiVersion": undefined,
            "immutable": undefined,
            "kind": undefined,
            "metadata": V1ObjectMeta {
              "annotations": Object {
                "kubectl.kubernetes.io/last-applied-configuration": "{\\"apiVersion\\":\\"v1\\",\\"data\\":{\\"accessType\\":\\"Y2x1c3Rlcg==\\",\\"api_key\\":\\"IjgzYTcxZjlkYTYyN2E3MDE5MjA5MWE2MzQwYzUwYjY2MjgwZjM2NzU4OGQyOTQzYWVkMzEzNzMwMzQzODMzMzUzMzMzMzAzNjMyMzYi\\",\\"jupiteroneAccountId\\":\\"ajFkZXY=\\",\\"jupiteroneApiKey\\":\\"OWMxZGRjOGJmMDBhMWYzZjQxZmY0MWZhYzQ5ZDI3MmRhNDBmNjMwOWRiNjVmODZjM2QzMTM3MzAzNDM3MzUzMDMyMzQzNjM2MzAzMw==\\",\\"jupiteroneIntegrationInstanceId\\":\\"NTZlNmQwZjItYTY5Mi00MGQ3LWEyN2QtOGY4YzRlOWVmOWFk\\",\\"loadKubernetesConfigFromDefault\\":\\"dHJ1ZQ==\\",\\"namespace\\":\\"ZGVmYXVsdA==\\"},\\"kind\\":\\"Secret\\",\\"metadata\\":{\\"annotations\\":{},\\"labels\\":{\\"app.kubernetes.io/managed-by\\":\\"tilt\\"},\\"name\\":\\"graph-kubernetes\\",\\"namespace\\":\\"default\\"}}
",
              },
              "creationTimestamp": 2024-01-12T16:59:26.000Z,
              "deletionGracePeriodSeconds": undefined,
              "deletionTimestamp": undefined,
              "finalizers": undefined,
              "generateName": undefined,
              "generation": undefined,
              "labels": Object {
                "app.kubernetes.io/managed-by": "tilt",
              },
              "managedFields": Array [
                V1ManagedFieldsEntry {
                  "apiVersion": "v1",
                  "fieldsType": "FieldsV1",
                  "fieldsV1": Object {
                    "f:data": Object {
                      ".": Object {},
                      "f:accessType": Object {},
                      "f:api_key": Object {},
                      "f:jupiteroneAccountId": Object {},
                      "f:jupiteroneApiKey": Object {},
                      "f:jupiteroneIntegrationInstanceId": Object {},
                      "f:loadKubernetesConfigFromDefault": Object {},
                      "f:namespace": Object {},
                    },
                    "f:metadata": Object {
                      "f:annotations": Object {
                        ".": Object {},
                        "f:kubectl.kubernetes.io/last-applied-configuration": Object {},
                      },
                      "f:labels": Object {
                        ".": Object {},
                        "f:app.kubernetes.io/managed-by": Object {},
                      },
                    },
                    "f:type": Object {},
                  },
                  "manager": "Go-http-client",
                  "operation": "Update",
                  "subresource": undefined,
                  "time": 2024-01-12T16:59:26.000Z,
                },
              ],
              "name": "graph-kubernetes",
              "namespace": "default",
              "ownerReferences": undefined,
              "resourceVersion": "50624",
              "selfLink": undefined,
              "uid": "bd3b80ae-ae33-4437-94ce-10a31e912bdc",
            },
            "stringData": undefined,
            "type": "Opaque",
          },
        },
      ],
      "_type": "kube_secret",
      "classification": null,
      "createdOn": 1705078766000,
      "deletedOn": undefined,
      "deletionGracePeriodSeconds": undefined,
      "displayName": "graph-kubernetes",
      "encrypted": false,
      "generation": undefined,
      "name": "graph-kubernetes",
      "resourceVersion": "50624",
      "type": "Opaque",
    },
    Object {
      "_class": Array [
        "Vault",
      ],
      "_key": "f58b966c-2a2b-4314-82a1-580390097378",
      "_rawData": Array [
        Object {
          "name": "default",
          "rawData": Object {
            "apiVersion": undefined,
            "immutable": undefined,
            "kind": undefined,
            "metadata": V1ObjectMeta {
              "annotations": Object {
                "meta.helm.sh/release-name": "np-test",
                "meta.helm.sh/release-namespace": "default",
              },
              "creationTimestamp": 2024-01-11T21:52:37.000Z,
              "deletionGracePeriodSeconds": undefined,
              "deletionTimestamp": undefined,
              "finalizers": undefined,
              "generateName": undefined,
              "generation": undefined,
              "labels": Object {
                "app.kubernetes.io/instance": "np-test",
                "app.kubernetes.io/managed-by": "Helm",
                "app.kubernetes.io/name": "mariadb",
                "app.kubernetes.io/version": "11.2.2",
                "helm.sh/chart": "mariadb-15.0.1",
              },
              "managedFields": Array [
                V1ManagedFieldsEntry {
                  "apiVersion": "v1",
                  "fieldsType": "FieldsV1",
                  "fieldsV1": Object {
                    "f:data": Object {
                      ".": Object {},
                      "f:mariadb-password": Object {},
                      "f:mariadb-root-password": Object {},
                    },
                    "f:metadata": Object {
                      "f:annotations": Object {
                        ".": Object {},
                        "f:meta.helm.sh/release-name": Object {},
                        "f:meta.helm.sh/release-namespace": Object {},
                      },
                      "f:labels": Object {
                        ".": Object {},
                        "f:app.kubernetes.io/instance": Object {},
                        "f:app.kubernetes.io/managed-by": Object {},
                        "f:app.kubernetes.io/name": Object {},
                        "f:app.kubernetes.io/version": Object {},
                        "f:helm.sh/chart": Object {},
                      },
                    },
                    "f:type": Object {},
                  },
                  "manager": "helm",
                  "operation": "Update",
                  "subresource": undefined,
                  "time": 2024-01-11T21:52:37.000Z,
                },
              ],
              "name": "np-test-mariadb",
              "namespace": "default",
              "ownerReferences": undefined,
              "resourceVersion": "27433",
              "selfLink": undefined,
              "uid": "f58b966c-2a2b-4314-82a1-580390097378",
            },
            "stringData": undefined,
            "type": "Opaque",
          },
        },
      ],
      "_type": "kube_secret",
      "classification": null,
      "createdOn": 1705009957000,
      "deletedOn": undefined,
      "deletionGracePeriodSeconds": undefined,
      "displayName": "np-test-mariadb",
      "encrypted": false,
      "generation": undefined,
      "name": "np-test-mariadb",
      "resourceVersion": "27433",
      "type": "Opaque",
    },
    Object {
      "_class": Array [
        "Vault",
      ],
      "_key": "f34bcb0e-730f-476b-bd58-225abadc32a1",
      "_rawData": Array [
        Object {
          "name": "default",
          "rawData": Object {
            "apiVersion": undefined,
            "immutable": undefined,
            "kind": undefined,
            "metadata": V1ObjectMeta {
              "annotations": Object {
                "meta.helm.sh/release-name": "np-test",
                "meta.helm.sh/release-namespace": "default",
              },
              "creationTimestamp": 2024-01-11T21:52:37.000Z,
              "deletionGracePeriodSeconds": undefined,
              "deletionTimestamp": undefined,
              "finalizers": undefined,
              "generateName": undefined,
              "generation": undefined,
              "labels": Object {
                "app.kubernetes.io/instance": "np-test",
                "app.kubernetes.io/managed-by": "Helm",
                "app.kubernetes.io/name": "wordpress",
                "app.kubernetes.io/version": "6.4.2",
                "helm.sh/chart": "wordpress-19.0.5",
              },
              "managedFields": Array [
                V1ManagedFieldsEntry {
                  "apiVersion": "v1",
                  "fieldsType": "FieldsV1",
                  "fieldsV1": Object {
                    "f:data": Object {
                      ".": Object {},
                      "f:wordpress-password": Object {},
                    },
                    "f:metadata": Object {
                      "f:annotations": Object {
                        ".": Object {},
                        "f:meta.helm.sh/release-name": Object {},
                        "f:meta.helm.sh/release-namespace": Object {},
                      },
                      "f:labels": Object {
                        ".": Object {},
                        "f:app.kubernetes.io/instance": Object {},
                        "f:app.kubernetes.io/managed-by": Object {},
                        "f:app.kubernetes.io/name": Object {},
                        "f:app.kubernetes.io/version": Object {},
                        "f:helm.sh/chart": Object {},
                      },
                    },
                    "f:type": Object {},
                  },
                  "manager": "helm",
                  "operation": "Update",
                  "subresource": undefined,
                  "time": 2024-01-11T21:52:37.000Z,
                },
              ],
              "name": "np-test-wordpress",
              "namespace": "default",
              "ownerReferences": undefined,
              "resourceVersion": "27432",
              "selfLink": undefined,
              "uid": "f34bcb0e-730f-476b-bd58-225abadc32a1",
            },
            "stringData": undefined,
            "type": "Opaque",
          },
        },
      ],
      "_type": "kube_secret",
      "classification": null,
      "createdOn": 1705009957000,
      "deletedOn": undefined,
      "deletionGracePeriodSeconds": undefined,
      "displayName": "np-test-wordpress",
      "encrypted": false,
      "generation": undefined,
      "name": "np-test-wordpress",
      "resourceVersion": "27432",
      "type": "Opaque",
    },
    Object {
      "_class": Array [
        "Vault",
      ],
      "_key": "44660625-d335-4529-85e0-b6727dde78ba",
      "_rawData": Array [
        Object {
          "name": "default",
          "rawData": Object {
            "apiVersion": undefined,
            "immutable": undefined,
            "kind": undefined,
            "metadata": V1ObjectMeta {
              "annotations": undefined,
              "creationTimestamp": 2024-01-11T21:52:37.000Z,
              "deletionGracePeriodSeconds": undefined,
              "deletionTimestamp": undefined,
              "finalizers": undefined,
              "generateName": undefined,
              "generation": undefined,
              "labels": Object {
                "modifiedAt": "1705009957",
                "name": "np-test",
                "owner": "helm",
                "status": "deployed",
                "version": "1",
              },
              "managedFields": Array [
                V1ManagedFieldsEntry {
                  "apiVersion": "v1",
                  "fieldsType": "FieldsV1",
                  "fieldsV1": Object {
                    "f:data": Object {
                      ".": Object {},
                      "f:release": Object {},
                    },
                    "f:metadata": Object {
                      "f:labels": Object {
                        ".": Object {},
                        "f:modifiedAt": Object {},
                        "f:name": Object {},
                        "f:owner": Object {},
                        "f:status": Object {},
                        "f:version": Object {},
                      },
                    },
                    "f:type": Object {},
                  },
                  "manager": "Helm",
                  "operation": "Update",
                  "subresource": undefined,
                  "time": 2024-01-11T21:52:37.000Z,
                },
              ],
              "name": "sh.helm.release.v1.np-test.v1",
              "namespace": "default",
              "ownerReferences": undefined,
              "resourceVersion": "27473",
              "selfLink": undefined,
              "uid": "44660625-d335-4529-85e0-b6727dde78ba",
            },
            "stringData": undefined,
            "type": "helm.sh/release.v1",
          },
        },
      ],
      "_type": "kube_secret",
      "classification": null,
      "createdOn": 1705009957000,
      "deletedOn": undefined,
      "deletionGracePeriodSeconds": undefined,
      "displayName": "sh.helm.release.v1.np-test.v1",
      "encrypted": false,
      "generation": undefined,
      "name": "sh.helm.release.v1.np-test.v1",
      "resourceVersion": "27473",
      "type": "helm.sh/release.v1",
    },
  ],
  "collectedRelationships": Array [
    Object {
      "_class": "CONTAINS",
      "_fromEntityKey": "868d4703-b338-4051-98e4-b65b4f0a0006",
      "_key": "868d4703-b338-4051-98e4-b65b4f0a0006|contains|bd3b80ae-ae33-4437-94ce-10a31e912bdc",
      "_toEntityKey": "bd3b80ae-ae33-4437-94ce-10a31e912bdc",
      "_type": "kube_namespace_contains_secret",
      "displayName": "CONTAINS",
    },
    Object {
      "_class": "CONTAINS",
      "_fromEntityKey": "868d4703-b338-4051-98e4-b65b4f0a0006",
      "_key": "868d4703-b338-4051-98e4-b65b4f0a0006|contains|f58b966c-2a2b-4314-82a1-580390097378",
      "_toEntityKey": "f58b966c-2a2b-4314-82a1-580390097378",
      "_type": "kube_namespace_contains_secret",
      "displayName": "CONTAINS",
    },
    Object {
      "_class": "CONTAINS",
      "_fromEntityKey": "868d4703-b338-4051-98e4-b65b4f0a0006",
      "_key": "868d4703-b338-4051-98e4-b65b4f0a0006|contains|f34bcb0e-730f-476b-bd58-225abadc32a1",
      "_toEntityKey": "f34bcb0e-730f-476b-bd58-225abadc32a1",
      "_type": "kube_namespace_contains_secret",
      "displayName": "CONTAINS",
    },
    Object {
      "_class": "CONTAINS",
      "_fromEntityKey": "868d4703-b338-4051-98e4-b65b4f0a0006",
      "_key": "868d4703-b338-4051-98e4-b65b4f0a0006|contains|44660625-d335-4529-85e0-b6727dde78ba",
      "_toEntityKey": "44660625-d335-4529-85e0-b6727dde78ba",
      "_type": "kube_namespace_contains_secret",
      "displayName": "CONTAINS",
    },
  ],
  "encounteredTypes": Array [
    "kube_namespace",
    "kube_secret",
    "kube_namespace_contains_secret",
  ],
  "numCollectedEntities": 8,
  "numCollectedRelationships": 4,
}
`;
