// Jest Snapshot v1, https://goo.gl/fbAQLP

exports[`#fetchJobs1 should collect data: jobState 1`] = `
{
  "collectedEntities": [
    {
      "_class": [
        "Group",
      ],
      "_key": "0db73bce-0801-4b25-867a-a9fe958fa96d",
      "_rawData": [
        {
          "name": "default",
          "rawData": V1Namespace {
            "apiVersion": undefined,
            "kind": undefined,
            "metadata": V1ObjectMeta {
              "annotations": undefined,
              "creationTimestamp": 2024-06-21T07:44:54.000Z,
              "deletionGracePeriodSeconds": undefined,
              "deletionTimestamp": undefined,
              "finalizers": undefined,
              "generateName": undefined,
              "generation": undefined,
              "labels": {
                "kubernetes.io/metadata.name": "default",
              },
              "managedFields": [
                V1ManagedFieldsEntry {
                  "apiVersion": "v1",
                  "fieldsType": "FieldsV1",
                  "fieldsV1": {
                    "f:metadata": {
                      "f:labels": {
                        ".": {},
                        "f:kubernetes.io/metadata.name": {},
                      },
                    },
                  },
                  "manager": "kube-apiserver",
                  "operation": "Update",
                  "subresource": undefined,
                  "time": 2024-06-21T07:44:54.000Z,
                },
              ],
              "name": "default",
              "namespace": undefined,
              "ownerReferences": undefined,
              "resourceVersion": "42",
              "selfLink": undefined,
              "uid": "0db73bce-0801-4b25-867a-a9fe958fa96d",
            },
            "spec": V1NamespaceSpec {
              "finalizers": [
                "kubernetes",
              ],
            },
            "status": V1NamespaceStatus {
              "conditions": undefined,
              "phase": "Active",
            },
          },
        },
      ],
      "_type": "kube_namespace",
      "active": undefined,
      "createdOn": 1718955894000,
      "deletionGracePeriodSeconds": undefined,
      "displayName": "default",
      "finalizers": [
        "kubernetes",
      ],
      "generation": undefined,
      "name": "default",
      "resourceVersion": "42",
      "status.phase": "Active",
    },
    {
      "_class": [
        "Group",
      ],
      "_key": "a3b7fbce-2d26-47e5-97b6-3ccc51b40932",
      "_rawData": [
        {
          "name": "default",
          "rawData": V1Namespace {
            "apiVersion": undefined,
            "kind": undefined,
            "metadata": V1ObjectMeta {
              "annotations": undefined,
              "creationTimestamp": 2024-06-21T07:44:54.000Z,
              "deletionGracePeriodSeconds": undefined,
              "deletionTimestamp": undefined,
              "finalizers": undefined,
              "generateName": undefined,
              "generation": undefined,
              "labels": {
                "kubernetes.io/metadata.name": "kube-node-lease",
              },
              "managedFields": [
                V1ManagedFieldsEntry {
                  "apiVersion": "v1",
                  "fieldsType": "FieldsV1",
                  "fieldsV1": {
                    "f:metadata": {
                      "f:labels": {
                        ".": {},
                        "f:kubernetes.io/metadata.name": {},
                      },
                    },
                  },
                  "manager": "kube-apiserver",
                  "operation": "Update",
                  "subresource": undefined,
                  "time": 2024-06-21T07:44:54.000Z,
                },
              ],
              "name": "kube-node-lease",
              "namespace": undefined,
              "ownerReferences": undefined,
              "resourceVersion": "39",
              "selfLink": undefined,
              "uid": "a3b7fbce-2d26-47e5-97b6-3ccc51b40932",
            },
            "spec": V1NamespaceSpec {
              "finalizers": [
                "kubernetes",
              ],
            },
            "status": V1NamespaceStatus {
              "conditions": undefined,
              "phase": "Active",
            },
          },
        },
      ],
      "_type": "kube_namespace",
      "active": undefined,
      "createdOn": 1718955894000,
      "deletionGracePeriodSeconds": undefined,
      "displayName": "kube-node-lease",
      "finalizers": [
        "kubernetes",
      ],
      "generation": undefined,
      "name": "kube-node-lease",
      "resourceVersion": "39",
      "status.phase": "Active",
    },
    {
      "_class": [
        "Group",
      ],
      "_key": "4055ce72-f3cb-457d-8003-c10a01017dd8",
      "_rawData": [
        {
          "name": "default",
          "rawData": V1Namespace {
            "apiVersion": undefined,
            "kind": undefined,
            "metadata": V1ObjectMeta {
              "annotations": undefined,
              "creationTimestamp": 2024-06-21T07:44:54.000Z,
              "deletionGracePeriodSeconds": undefined,
              "deletionTimestamp": undefined,
              "finalizers": undefined,
              "generateName": undefined,
              "generation": undefined,
              "labels": {
                "kubernetes.io/metadata.name": "kube-public",
              },
              "managedFields": [
                V1ManagedFieldsEntry {
                  "apiVersion": "v1",
                  "fieldsType": "FieldsV1",
                  "fieldsV1": {
                    "f:metadata": {
                      "f:labels": {
                        ".": {},
                        "f:kubernetes.io/metadata.name": {},
                      },
                    },
                  },
                  "manager": "kube-apiserver",
                  "operation": "Update",
                  "subresource": undefined,
                  "time": 2024-06-21T07:44:54.000Z,
                },
              ],
              "name": "kube-public",
              "namespace": undefined,
              "ownerReferences": undefined,
              "resourceVersion": "31",
              "selfLink": undefined,
              "uid": "4055ce72-f3cb-457d-8003-c10a01017dd8",
            },
            "spec": V1NamespaceSpec {
              "finalizers": [
                "kubernetes",
              ],
            },
            "status": V1NamespaceStatus {
              "conditions": undefined,
              "phase": "Active",
            },
          },
        },
      ],
      "_type": "kube_namespace",
      "active": undefined,
      "createdOn": 1718955894000,
      "deletionGracePeriodSeconds": undefined,
      "displayName": "kube-public",
      "finalizers": [
        "kubernetes",
      ],
      "generation": undefined,
      "name": "kube-public",
      "resourceVersion": "31",
      "status.phase": "Active",
    },
    {
      "_class": [
        "Group",
      ],
      "_key": "dae8939b-da22-491d-a98b-c8fdf0e2f119",
      "_rawData": [
        {
          "name": "default",
          "rawData": V1Namespace {
            "apiVersion": undefined,
            "kind": undefined,
            "metadata": V1ObjectMeta {
              "annotations": undefined,
              "creationTimestamp": 2024-06-21T07:44:54.000Z,
              "deletionGracePeriodSeconds": undefined,
              "deletionTimestamp": undefined,
              "finalizers": undefined,
              "generateName": undefined,
              "generation": undefined,
              "labels": {
                "kubernetes.io/metadata.name": "kube-system",
              },
              "managedFields": [
                V1ManagedFieldsEntry {
                  "apiVersion": "v1",
                  "fieldsType": "FieldsV1",
                  "fieldsV1": {
                    "f:metadata": {
                      "f:labels": {
                        ".": {},
                        "f:kubernetes.io/metadata.name": {},
                      },
                    },
                  },
                  "manager": "kube-apiserver",
                  "operation": "Update",
                  "subresource": undefined,
                  "time": 2024-06-21T07:44:54.000Z,
                },
              ],
              "name": "kube-system",
              "namespace": undefined,
              "ownerReferences": undefined,
              "resourceVersion": "12",
              "selfLink": undefined,
              "uid": "dae8939b-da22-491d-a98b-c8fdf0e2f119",
            },
            "spec": V1NamespaceSpec {
              "finalizers": [
                "kubernetes",
              ],
            },
            "status": V1NamespaceStatus {
              "conditions": undefined,
              "phase": "Active",
            },
          },
        },
      ],
      "_type": "kube_namespace",
      "active": undefined,
      "createdOn": 1718955894000,
      "deletionGracePeriodSeconds": undefined,
      "displayName": "kube-system",
      "finalizers": [
        "kubernetes",
      ],
      "generation": undefined,
      "name": "kube-system",
      "resourceVersion": "12",
      "status.phase": "Active",
    },
    {
      "_class": [
        "Group",
      ],
      "_key": "c34b14f9-fe12-4a1b-9b58-894760f6a770",
      "_rawData": [
        {
          "name": "default",
          "rawData": V1Namespace {
            "apiVersion": undefined,
            "kind": undefined,
            "metadata": V1ObjectMeta {
              "annotations": {
                "kubectl.kubernetes.io/last-applied-configuration": "{"apiVersion":"v1","kind":"Namespace","metadata":{"annotations":{},"labels":{"addonmanager.kubernetes.io/mode":"Reconcile","kubernetes.io/minikube-addons":"dashboard"},"name":"kubernetes-dashboard"}}
",
              },
              "creationTimestamp": 2024-06-21T07:45:06.000Z,
              "deletionGracePeriodSeconds": undefined,
              "deletionTimestamp": undefined,
              "finalizers": undefined,
              "generateName": undefined,
              "generation": undefined,
              "labels": {
                "addonmanager.kubernetes.io/mode": "Reconcile",
                "kubernetes.io/metadata.name": "kubernetes-dashboard",
                "kubernetes.io/minikube-addons": "dashboard",
              },
              "managedFields": [
                V1ManagedFieldsEntry {
                  "apiVersion": "v1",
                  "fieldsType": "FieldsV1",
                  "fieldsV1": {
                    "f:metadata": {
                      "f:annotations": {
                        ".": {},
                        "f:kubectl.kubernetes.io/last-applied-configuration": {},
                      },
                      "f:labels": {
                        ".": {},
                        "f:addonmanager.kubernetes.io/mode": {},
                        "f:kubernetes.io/metadata.name": {},
                        "f:kubernetes.io/minikube-addons": {},
                      },
                    },
                  },
                  "manager": "kubectl-client-side-apply",
                  "operation": "Update",
                  "subresource": undefined,
                  "time": 2024-06-21T07:45:06.000Z,
                },
              ],
              "name": "kubernetes-dashboard",
              "namespace": undefined,
              "ownerReferences": undefined,
              "resourceVersion": "315",
              "selfLink": undefined,
              "uid": "c34b14f9-fe12-4a1b-9b58-894760f6a770",
            },
            "spec": V1NamespaceSpec {
              "finalizers": [
                "kubernetes",
              ],
            },
            "status": V1NamespaceStatus {
              "conditions": undefined,
              "phase": "Active",
            },
          },
        },
      ],
      "_type": "kube_namespace",
      "active": undefined,
      "createdOn": 1718955906000,
      "deletionGracePeriodSeconds": undefined,
      "displayName": "kubernetes-dashboard",
      "finalizers": [
        "kubernetes",
      ],
      "generation": undefined,
      "name": "kubernetes-dashboard",
      "resourceVersion": "315",
      "status.phase": "Active",
    },
  ],
  "collectedRelationships": [],
  "encounteredTypes": [
    "kube_namespace",
  ],
  "numCollectedEntities": 5,
  "numCollectedRelationships": 0,
}
`;
