// Jest Snapshot v1, https://goo.gl/fbAQLP

exports[`#createClusterEntity should convert data 1`] = `
{
  "_class": [
    "Cluster",
  ],
  "_key": "kube_cluster:dummy-data",
  "_rawData": [
    {
      "name": "default",
      "rawData": {
        "name": "dummy-data",
        "server": "dummy-data",
        "skipTLSVerify": false,
      },
    },
  ],
  "_type": "kube_cluster",
  "createdOn": undefined,
  "displayName": "dummy-data",
  "name": "dummy-data",
  "server": "dummy-data",
  "skipTlsVerify": false,
}
`;
