// Jest Snapshot v1, https://goo.gl/fbAQLP

exports[`#createDaemonSetEntity should convert data 1`] = `
{
  "_class": [
    "Deployment",
  ],
  "_key": "597716cf-e9a9-4b1c-9107-a18e054b00da",
  "_rawData": [
    {
      "name": "default",
      "rawData": {
        "metadata": {
          "annotations": {
            "deprecated.daemonset.template.generation": "1",
          },
          "creationTimestamp": 2021-04-27T20:57:20.000Z,
          "generation": 1,
          "labels": {
            "k8s-app": "kube-proxy",
          },
          "name": "kube-proxy",
          "namespace": "kube-system",
          "resourceVersion": "532760",
          "uid": "597716cf-e9a9-4b1c-9107-a18e054b00da",
        },
        "spec": {
          "revisionHistoryLimit": 10,
          "selector": {
            "matchLabels": {
              "k8s-app": "kube-proxy",
            },
          },
          "template": {
            "metadata": {
              "labels": {
                "k8s-app": "kube-proxy",
              },
            },
            "spec": {
              "containers": [
                {
                  "command": [
                    "/usr/local/bin/kube-proxy",
                    "--config=/var/lib/kube-proxy/config.conf",
                    "--hostname-override=$(NODE_NAME)",
                  ],
                  "env": [
                    {
                      "name": "NODE_NAME",
                      "valueFrom": {
                        "fieldRef": {
                          "apiVersion": "v1",
                          "fieldPath": "spec.nodeName",
                        },
                      },
                    },
                  ],
                  "image": "k8s.gcr.io/kube-proxy:v1.20.2",
                  "imagePullPolicy": "IfNotPresent",
                  "name": "kube-proxy",
                  "resources": {},
                  "securityContext": {
                    "privileged": true,
                  },
                  "terminationMessagePath": "/dev/termination-log",
                  "terminationMessagePolicy": "File",
                  "volumeMounts": [
                    {
                      "mountPath": "/var/lib/kube-proxy",
                      "name": "kube-proxy",
                    },
                    {
                      "mountPath": "/run/xtables.lock",
                      "name": "xtables-lock",
                    },
                    {
                      "mountPath": "/lib/modules",
                      "name": "lib-modules",
                      "readOnly": true,
                    },
                  ],
                },
              ],
              "dnsPolicy": "ClusterFirst",
              "hostNetwork": true,
              "nodeSelector": {
                "kubernetes.io/os": "linux",
              },
              "priorityClassName": "system-node-critical",
              "restartPolicy": "Always",
              "schedulerName": "default-scheduler",
              "securityContext": {},
              "serviceAccount": "kube-proxy",
              "serviceAccountName": "kube-proxy",
              "terminationGracePeriodSeconds": 30,
              "tolerations": [
                {
                  "key": "CriticalAddonsOnly",
                  "operator": "Exists",
                },
                {
                  "operator": "Exists",
                },
              ],
              "volumes": [
                {
                  "configMap": {
                    "defaultMode": 420,
                    "name": "kube-proxy",
                  },
                  "name": "kube-proxy",
                },
                {
                  "hostPath": {
                    "path": "/run/xtables.lock",
                    "type": "FileOrCreate",
                  },
                  "name": "xtables-lock",
                },
                {
                  "hostPath": {
                    "path": "/lib/modules",
                    "type": "",
                  },
                  "name": "lib-modules",
                },
              ],
            },
          },
          "updateStrategy": {
            "rollingUpdate": {},
            "type": "RollingUpdate",
          },
        },
        "status": {
          "currentNumberScheduled": 1,
          "desiredNumberScheduled": 1,
          "numberAvailable": 1,
          "numberMisscheduled": 0,
          "numberReady": 1,
          "observedGeneration": 1,
          "updatedNumberScheduled": 1,
        },
      },
    },
  ],
  "_type": "kube_daemon_set",
  "active": undefined,
  "createdOn": 1619557040000,
  "deletedOn": undefined,
  "deletionGracePeriodSeconds": undefined,
  "displayName": "kube-proxy",
  "generation": 1,
  "minReadySeconds": undefined,
  "name": "kube-proxy",
  "resourceVersion": "532760",
  "revisionHistoryLimit": 10,
  "status.collisionCount": undefined,
  "status.currentNumberScheduled": 1,
  "status.desiredNumberScheduled": 1,
  "status.numberAvailable": 1,
  "status.numberMisscheduled": 0,
  "status.numberReady": 1,
  "status.numberUnavailable": undefined,
  "status.observedGeneration": 1,
  "status.updatedNumberScheduled": 1,
  "strategy.maxUnavailable": undefined,
  "strategy.type": "RollingUpdate",
}
`;
