// Jest Snapshot v1, https://goo.gl/fbAQLP

exports[`#createServiceEntity should convert data 1`] = `
{
  "_class": [
    "Service",
  ],
  "_key": "c296a0d8-9839-4908-bd52-971ddaaebcaf",
  "_rawData": [
    {
      "name": "default",
      "rawData": {
        "metadata": {
          "creationTimestamp": 2021-04-27T20:57:19.000Z,
          "labels": {
            "component": "apiserver",
            "provider": "kubernetes",
          },
          "name": "kubernetes",
          "namespace": "default",
          "resourceVersion": "202",
          "uid": "c296a0d8-9839-4908-bd52-971ddaaebcaf",
        },
        "spec": {
          "clusterIP": "10.96.0.1",
          "clusterIPs": [
            "10.96.0.1",
          ],
          "ports": [
            {
              "name": "https",
              "port": 443,
              "protocol": "TCP",
            },
          ],
          "sessionAffinity": "None",
          "type": "ClusterIP",
        },
        "status": {
          "loadBalancer": {},
        },
      },
    },
  ],
  "_type": "kube_service",
  "active": undefined,
  "allocateLoadBalancerNodePorts": undefined,
  "apiVersion": undefined,
  "category": [
    "infrastructure",
  ],
  "clusterIP": "10.96.0.1",
  "clusterIPs": [
    "10.96.0.1",
  ],
  "clusterIpVersion": undefined,
  "createdOn": 1619557039000,
  "deletionGracePeriodSeconds": undefined,
  "displayName": "kubernetes",
  "externalIPs": undefined,
  "externalName": undefined,
  "externalTrafficPolicy": undefined,
  "function": [
    "compute",
  ],
  "generation": undefined,
  "healthCheckNodePort": undefined,
  "ipFamilies": undefined,
  "ipFamilyPolicy": undefined,
  "loadBalancerIP": undefined,
  "loadBalancerSourceRanges": undefined,
  "name": "kubernetes",
  "portName": [
    "https",
  ],
  "portNumber": [
    443,
  ],
  "protocol": [
    "TCP",
  ],
  "publishNotReadyAddresses": undefined,
  "resourceVersion": "202",
  "sessionAffinity": "None",
  "type": "ClusterIP",
}
`;
